// Jest Snapshot v1, https://goo.gl/fbAQLP

exports[`Should render RecordsAccordion component 1`] = `
<Fragment>
  <RecordItem
    expanded={false}
    handleChange={[Function]}
    handleDelete={[MockFunction]}
    key="1"
    record={
      Object {
        "comment": "8-го числа. В случае выпадения на выходной или праздничный день перенос на ближайший рабочий день ПОСЛЕ наступления срока.",
        "id": "1",
        "period": "Ежемесячно",
        "title": "title of monthly remind",
      }
    }
  />
  <RecordItem
    expanded={false}
    handleChange={[Function]}
    handleDelete={[MockFunction]}
    key="2"
    record={
      Object {
        "comment": "8-го числа в январе, апреле, июле, октябре. В случае выпадения на выходной или праздничный день перенос на ближайший рабочий день ДО наступления срока.",
        "id": "2",
        "period": "Ежеквартально",
        "title": "title of quarterly remind",
      }
    }
  />
</Fragment>
`;
