// Jest Snapshot v1, https://goo.gl/fbAQLP

exports[`Should render RecordsAccordion component 1`] = `
<Fragment>
  <ForwardRef(Accordion)
    expanded={false}
    key="1"
    onChange={[Function]}
  >
    <ForwardRef(AccordionSummary)
      aria-controls="panel1bh-content"
      expandIcon={<Memo />}
      id="panel1bh-header"
    >
      <ForwardRef(Typography)
        sx={
          Object {
            "flexShrink": 0,
            "width": "33%",
          }
        }
      >
        Ежемесячно
      </ForwardRef(Typography)>
      <ForwardRef(Typography)
        sx={
          Object {
            "color": "text.secondary",
          }
        }
      >
        title of monthly remind
      </ForwardRef(Typography)>
    </ForwardRef(AccordionSummary)>
    <ForwardRef(AccordionDetails)>
      <ForwardRef(Typography)>
        8-го числа. В случае выпадения на выходной или праздничный день перенос на ближайший рабочий день ПОСЛЕ наступления срока.
      </ForwardRef(Typography)>
    </ForwardRef(AccordionDetails)>
  </ForwardRef(Accordion)>
  <ForwardRef(Accordion)
    expanded={false}
    key="2"
    onChange={[Function]}
  >
    <ForwardRef(AccordionSummary)
      aria-controls="panel2bh-content"
      expandIcon={<Memo />}
      id="panel2bh-header"
    >
      <ForwardRef(Typography)
        sx={
          Object {
            "flexShrink": 0,
            "width": "33%",
          }
        }
      >
        Ежеквартально
      </ForwardRef(Typography)>
      <ForwardRef(Typography)
        sx={
          Object {
            "color": "text.secondary",
          }
        }
      >
        title of quarterly remind
      </ForwardRef(Typography)>
    </ForwardRef(AccordionSummary)>
    <ForwardRef(AccordionDetails)>
      <ForwardRef(Typography)>
        8-го числа в январе, апреле, июле, октябре. В случае выпадения на выходной или праздничный день перенос на ближайший рабочий день ДО наступления срока.
      </ForwardRef(Typography)>
    </ForwardRef(AccordionDetails)>
  </ForwardRef(Accordion)>
</Fragment>
`;
