// Jest Snapshot v1, https://goo.gl/fbAQLP

exports[`AppBar component Should render AppBar component 1`] = `
<Styled(ForwardRef(AppBar))
  open={false}
  position="absolute"
>
  <ForwardRef(Toolbar)
    sx={
      Object {
        "pr": "24px",
      }
    }
  >
    <ForwardRef(IconButton)
      aria-label="open drawer"
      color="inherit"
      data-test="toggle-drawer"
      edge="start"
      onClick={[Function]}
      sx={
        Object {
          "marginRight": "36px",
        }
      }
    >
      <Memo(ForwardRef(MenuIcon)) />
    </ForwardRef(IconButton)>
    <ForwardRef(Typography)
      color="inherit"
      component="h1"
      noWrap={true}
      sx={
        Object {
          "flexGrow": 1,
        }
      }
      variant="h6"
    >
      Редактирование записи
    </ForwardRef(Typography)>
    <ForwardRef(IconButton)
      aria-label="logout"
      data-test="logout"
      onClick={[Function]}
    >
      <Memo(ForwardRef(LogoutIcon))
        sx={
          Object {
            "color": "white",
          }
        }
      />
    </ForwardRef(IconButton)>
  </ForwardRef(Toolbar)>
</Styled(ForwardRef(AppBar))>
`;

exports[`AppBarStyled component Should render AppBarStyled component 1`] = `
<ContextProvider
  value={
    Object {
      "insert": [Function],
      "inserted": Object {
        "1ryja0n": true,
      },
      "key": "css",
      "nonce": undefined,
      "registered": Object {
        "css-1ryja0n": "z-index:1201;transition:width 195ms cubic-bezier(0.4, 0, 0.6, 1) 0ms,margin 195ms cubic-bezier(0.4, 0, 0.6, 1) 0ms;",
      },
      "sheet": StyleSheet {
        "_insertTag": [Function],
        "before": null,
        "container": undefined,
        "ctr": 0,
        "insertionPoint": undefined,
        "isSpeedy": false,
        "key": "css",
        "nonce": undefined,
        "prepend": undefined,
        "tags": Array [],
      },
    }
  }
>
  <style
    dangerouslySetInnerHTML={
      Object {
        "__html": ".css-1ryja0n{z-index:1201;-webkit-transition:width 195ms cubic-bezier(0.4, 0, 0.6, 1) 0ms,margin 195ms cubic-bezier(0.4, 0, 0.6, 1) 0ms;transition:width 195ms cubic-bezier(0.4, 0, 0.6, 1) 0ms,margin 195ms cubic-bezier(0.4, 0, 0.6, 1) 0ms;}",
      }
    }
    data-emotion="css 1ryja0n"
  />
  <ForwardRef(AppBar)
    className="css-1ryja0n"
  />
</ContextProvider>
`;
